00:00 +0: loading C:/sneak_fit/test/core/error/failure_test.dart
00:00 +0: C:/sneak_fit/test/core/error/failure_test.dart: Failure Classes LocalDatabaseFailure should have default message and support equality
00:00 +1: C:/sneak_fit/test/core/error/failure_test.dart: Failure Classes ApiFailure should hold message and statusCode and support equality
00:00 +2: C:/sneak_fit/test/core/error/failure_test.dart: Failure Classes ApiFailure should be different if statusCode differs
00:00 +3: C:/sneak_fit/test/core/theme/theme_provider_test.dart: should start with light mode by default
00:00 +4: C:/sneak_fit/test/core/theme/theme_provider_test.dart: toggleTheme should flip isDarkMode and persist
00:00 +5: C:/sneak_fit/test/core/theme/theme_provider_test.dart: setThemeMode should set specific mode and persist
00:00 +6: C:/sneak_fit/test/core/theme/theme_provider_test.dart: toggleAutoTheme should flip isAutoThemeEnabled
00:00 +7: C:/sneak_fit/test/core/utils/validators_test.dart: Validators validateEmail should return error for null/empty
00:00 +8: C:/sneak_fit/test/core/utils/validators_test.dart: Validators validateEmail should return error for invalid email
00:00 +9: C:/sneak_fit/test/core/utils/validators_test.dart: Validators validateEmail should return null for valid email
00:00 +10: C:/sneak_fit/test/core/utils/validators_test.dart: Validators validatePassword should return error for short password
00:00 +11: C:/sneak_fit/test/core/utils/validators_test.dart: Validators validatePassword should return null for valid password
00:00 +12: C:/sneak_fit/test/features/auth/data/models/login_request_test.dart: LoginRequest toJson should return a valid Map
00:01 +13: C:/sneak_fit/test/features/auth/data/models/signup_request_test.dart: SignupRequest toJson should return a valid Map
00:01 +14: C:/sneak_fit/test/features/auth/domain/entities/auth_entity_test.dart: AuthEntity should hold correct values and support value equality
00:01 +15: C:/sneak_fit/test/features/auth/domain/entities/auth_entity_test.dart: AuthEntity should return different hashcode for different values
00:02 +16: C:/sneak_fit/test/features/auth/domain/usecases/forgot_password_usecase_test.dart: should call forgotPassword on the repository
00:02 +17: C:/sneak_fit/test/features/auth/domain/usecases/forgot_password_usecase_test.dart: should return Failure when repository call fails
00:02 +18: C:/sneak_fit/test/features/auth/domain/usecases/login_usecase_test.dart: should call login on the repository with correct parameters
00:02 +19: C:/sneak_fit/test/features/auth/domain/usecases/login_usecase_test.dart: should return Failure when repository login fails
00:03 +20: C:/sneak_fit/test/features/auth/domain/usecases/logout_usecase_test.dart: should call logout on the repository
00:03 +21: C:/sneak_fit/test/features/auth/domain/usecases/logout_usecase_test.dart: should return failure when logout fails
00:03 +22: C:/sneak_fit/test/features/auth/domain/usecases/register_usecase_test.dart: (setUpAll)
00:03 +22: C:/sneak_fit/test/features/auth/domain/usecases/register_usecase_test.dart: should call register on the repository with correct entity
00:03 +23: C:/sneak_fit/test/features/auth/domain/usecases/register_usecase_test.dart: should return Failure when repository register fails
00:03 +24: C:/sneak_fit/test/features/auth/domain/usecases/register_usecase_test.dart: (tearDownAll)
00:03 +24: C:/sneak_fit/test/features/auth/domain/usecases/reset_password_usecase_test.dart: should call resetPassword on the repository
00:03 +25: C:/sneak_fit/test/features/auth/domain/usecases/reset_password_usecase_test.dart: should return Failure when reset fails
00:03 +26: C:/sneak_fit/test/features/auth/domain/usecases/update_profile_usecase_test.dart: should call updateProfile on the repository
00:03 +27: C:/sneak_fit/test/features/auth/domain/usecases/update_profile_usecase_test.dart: should return Failure when update fails
00:04 +28: C:/sneak_fit/test/features/auth/presentation/pages/login_screen_test.dart: LoginScreen should display logo, title, and input fields
00:05 +29: C:/sneak_fit/test/features/auth/presentation/pages/login_screen_test.dart: LoginScreen should display logo, title, and input fields
00:05 +30: C:/sneak_fit/test/features/auth/presentation/pages/login_screen_test.dart: LoginScreen should display logo, title, and input fields
00:05 +31: C:/sneak_fit/test/features/auth/presentation/pages/login_screen_test.dart: LoginScreen should display logo, title, and input fields
00:05 +32: C:/sneak_fit/test/features/auth/presentation/pages/login_screen_test.dart: LoginScreen should display logo, title, and input fields
00:05 +33: C:/sneak_fit/test/features/auth/presentation/pages/signup_screen_test.dart: SignupScreen should display all registration fields and sign up button
00:05 +34: C:/sneak_fit/test/features/auth/presentation/pages/signup_screen_test.dart: SignupScreen should display all registration fields and sign up button
00:05 +35: C:/sneak_fit/test/features/auth/presentation/pages/signup_screen_test.dart: SignupScreen should display all registration fields and sign up button
00:05 +36: C:/sneak_fit/test/features/auth/presentation/pages/signup_screen_test.dart: SignupScreen should display all registration fields and sign up button
00:06 +37: C:/sneak_fit/test/features/auth/presentation/pages/signup_screen_test.dart: SignupScreen should display all registration fields and sign up button
00:06 +38: C:/sneak_fit/test/features/auth/presentation/widgets/my_button_test.dart: MyButton should display the correct text
00:06 +39: C:/sneak_fit/test/features/auth/presentation/widgets/my_textfield_test.dart: MyTextField should display the hint text
00:06 +40: C:/sneak_fit/test/features/auth/presentation/widgets/my_textfield_test.dart: MyTextField should display the hint text
00:06 +41: C:/sneak_fit/test/features/auth/presentation/widgets/my_textfield_test.dart: MyTextField should display the hint text
00:06 +42: C:/sneak_fit/test/features/auth/presentation/widgets/my_textfield_test.dart: MyTextField should display the hint text
00:06 +43: C:/sneak_fit/test/features/auth/presentation/widgets/my_textfield_test.dart: MyTextField should display the hint text
00:06 +44: C:/sneak_fit/test/features/auth/presentation/widgets/my_textfield_test.dart: MyTextField should display the hint text
00:06 +45: C:/sneak_fit/test/features/auth/presentation/widgets/my_textfield_test.dart: MyTextField should display the hint text
00:06 +46: C:/sneak_fit/test/features/auth/presentation/widgets/my_textfield_test.dart: MyTextField should display the hint text
00:06 +47: C:/sneak_fit/test/features/auth/presentation/widgets/my_textfield_test.dart: MyTextField should display the hint text
00:06 +48: C:/sneak_fit/test/features/auth/presentation/widgets/my_textfield_test.dart: MyTextField should display the hint text
00:06 +49: C:/sneak_fit/test/features/auth/presentation/pages/signup_screen_test.dart: SignupScreen should show error snackbar when passwords do not match
00:06 +50: C:/sneak_fit/test/features/auth/presentation/pages/signup_screen_test.dart: SignupScreen should show error snackbar when passwords do not match
00:06 +51: C:/sneak_fit/test/features/auth/presentation/pages/signup_screen_test.dart: SignupScreen should show error snackbar when passwords do not match
00:06 +52: C:/sneak_fit/test/features/auth/presentation/pages/signup_screen_test.dart: SignupScreen should show error snackbar when passwords do not match
00:06 +53: C:/sneak_fit/test/features/auth/presentation/pages/signup_screen_test.dart: SignupScreen should show error snackbar when passwords do not match
00:07 +54: C:/sneak_fit/test/features/auth/presentation/pages/signup_screen_test.dart: SignupScreen should show error snackbar when passwords do not match
00:07 +55: C:/sneak_fit/test/features/auth/presentation/pages/signup_screen_test.dart: SignupScreen should show error snackbar when passwords do not match
00:07 +56: C:/sneak_fit/test/features/auth/presentation/pages/signup_screen_test.dart: SignupScreen should show error snackbar when passwords do not match
00:07 +57: C:/sneak_fit/test/features/item/domain/usecases/create_item_usecase_test.dart: should call createProduct on the repository
00:07 +58: C:/sneak_fit/test/features/item/domain/usecases/create_item_usecase_test.dart: should return Exception when creation fails
00:07 +59: C:/sneak_fit/test/features/item/domain/usecases/delete_item_usecase_test.dart: should call deleteProduct on the repository
00:07 +60: C:/sneak_fit/test/features/item/domain/usecases/delete_item_usecase_test.dart: should return Exception when deletion fails
00:07 +61: C:/sneak_fit/test/features/item/domain/usecases/get_all_items_usecase_test.dart: should return list of items from repository
00:08 +62: C:/sneak_fit/test/features/item/domain/usecases/get_all_items_usecase_test.dart: should return exception when repository fails
00:08 +63: C:/sneak_fit/test/features/item/domain/usecases/get_item_by_id_usecase_test.dart: should return ItemEntity when repository call is successful
00:08 +64: C:/sneak_fit/test/features/item/domain/usecases/get_item_by_id_usecase_test.dart: should return Exception when call fails
00:08 +65: C:/sneak_fit/test/features/item/presentation/view_model/item_viewmodel_test.dart: getAllItems should load items into state when successful
00:08 +66: C:/sneak_fit/test/features/item/presentation/view_model/item_viewmodel_test.dart: searchProducts should filter items by name/brand
00:08 +67: C:/sneak_fit/test/features/item/presentation/view_model/item_viewmodel_test.dart: filterItems should filter by brand and size
00:08 +68: C:/sneak_fit/test/features/item/presentation/widgets/filter_bottom_sheet_test.dart: FilterBottomSheet should display Filter title and Apply button
flutter : 
test/features/review/presentation/view_model/review_view_model_test.dart:30:7: 
Error: No named parameter with the name 'reviewId'.
At line:1 char:1
+ flutter test > test_output.txt 2>&1
+ ~~~~~~~~~~~~~~~~~~~~~~~~~~~~~~~~~~~
    + CategoryInfo          : NotSpecified: (test/features/r...ame 'reviewId'.:S 
   tring) [], RemoteException
    + FullyQualifiedErrorId : NativeCommandError
 
      reviewId: 'r1',
      ^^^^^^^^
lib/features/review/domain/entities/review_entity.dart:13:9: Context: Found this 
candidate, but the arguments don't match.
  const ReviewEntity({
        ^^^^^^^^^^^^
test/features/review/presentation/view_model/review_view_model_test.dart:72:41: 
Error: The getter 'reviewId' isn't defined for the type 'ReviewEntity'.
 - 'ReviewEntity' is from 
'package:sneak_fit/features/review/domain/entities/review_entity.dart' 
('lib/features/review/domain/entities/review_entity.dart').
Try correcting the name to the name of an existing getter, or defining a getter 
or field named 'reviewId'.
      expect(viewModel.state.reviews[0].reviewId, 'r1');
                                        ^^^^^^^^
00:08 +69: C:/sneak_fit/test/features/item/presentation/widgets/filter_bottom_sheet_test.dart: FilterBottomSheet should display Filter title and Apply button
00:08 +70: C:/sneak_fit/test/features/item/presentation/widgets/filter_bottom_sheet_test.dart: FilterBottomSheet should display Filter title and Apply button
00:08 +70 -1: loading C:/sneak_fit/test/features/review/presentation/view_model/review_view_model_test.dart [E]
  Failed to load "C:/sneak_fit/test/features/review/presentation/view_model/review_view_model_test.dart":
  Compilation failed for testPath=C:/sneak_fit/test/features/review/presentation/view_model/review_view_model_test.dart: test/features/review/presentation/view_model/review_view_model_test.dart:30:7: Error: No named parameter with the name 'reviewId'.
        reviewId: 'r1',
        ^^^^^^^^
  lib/features/review/domain/entities/review_entity.dart:13:9: Context: Found this candidate, but the arguments don't match.
    const ReviewEntity({
          ^^^^^^^^^^^^
  test/features/review/presentation/view_model/review_view_model_test.dart:72:41: Error: The getter 'reviewId' isn't defined for the type 'ReviewEntity'.
   - 'ReviewEntity' is from 'package:sneak_fit/features/review/domain/entities/review_entity.dart' ('lib/features/review/domain/entities/review_entity.dart').
  Try correcting the name to the name of an existing getter, or defining a getter or field named 'reviewId'.
        expect(viewModel.state.reviews[0].reviewId, 'r1');
                                          ^^^^^^^^
  .
00:09 +71 -1: C:/sneak_fit/test/features/item/presentation/widgets/filter_bottom_sheet_test.dart: FilterBottomSheet should display Filter title and Apply button
00:09 +71 -1: C:/sneak_fit/test/features/order/presentation/view_model/orders_view_model_test.dart: OrdersViewModel fetchOrders should update state with orders on success
[OrdersVM] Fetch Success: 1 items
00:09 +72 -1: C:/sneak_fit/test/features/item/presentation/widgets/filter_bottom_sheet_test.dart: FilterBottomSheet should display Filter title and Apply button
00:09 +72 -1: C:/sneak_fit/test/features/order/presentation/view_model/orders_view_model_test.dart: OrdersViewModel fetchOrders should set error message on failure
[OrdersVM] API Error: Failed to fetch
00:09 +73 -1: C:/sneak_fit/test/features/item/presentation/widgets/filter_bottom_sheet_test.dart: FilterBottomSheet should display Filter title and Apply button
test/features/wishlist/presentation/view_model/wishlist_view_model_test.dart:36:5
: Error: No named parameter with the name 'category'.
    category: 'sneakers',
    ^^^^^^^^
lib/features/item/domain/entities/item_entity.dart:20:9: Context: Found this 
candidate, but the arguments don't match.
  const ItemEntity({
        ^^^^^^^^^^
test/features/wishlist/presentation/view_model/wishlist_view_model_test.dart:54:6
6: Error: Expected ',' before this.
    test('toggleWishlist should remove item if it exists', () () {
                                                                 ^
test/features/wishlist/presentation/view_model/wishlist_view_model_test.dart:56:3
8: Error: Expected '}' before this.
      viewModel.toggleWishlist(tItem);
                                     ^
test/features/wishlist/presentation/view_model/wishlist_view_model_test.dart:54:9
: Error: Too many positional arguments: 2 allowed, but 3 found.
Try removing the extra positional arguments.
    test('toggleWishlist should remove item if it exists', () () {
        ^
/C:/flutter/packages/flutter_test/lib/src/test_compat.dart:175:6: Context: Found 
this candidate, but the arguments don't match.
void test(
     ^^^^
00:10 +74 -2: loading C:/sneak_fit/test/features/wishlist/presentation/view_model/wishlist_view_model_test.dart [E]
  Failed to load "C:/sneak_fit/test/features/wishlist/presentation/view_model/wishlist_view_model_test.dart":
  Compilation failed for testPath=C:/sneak_fit/test/features/wishlist/presentation/view_model/wishlist_view_model_test.dart: test/features/wishlist/presentation/view_model/wishlist_view_model_test.dart:36:5: Error: No named parameter with the name 'category'.
      category: 'sneakers',
      ^^^^^^^^
  lib/features/item/domain/entities/item_entity.dart:20:9: Context: Found this candidate, but the arguments don't match.
    const ItemEntity({
          ^^^^^^^^^^
  test/features/wishlist/presentation/view_model/wishlist_view_model_test.dart:54:66: Error: Expected ',' before this.
      test('toggleWishlist should remove item if it exists', () () {
                                                                   ^
  test/features/wishlist/presentation/view_model/wishlist_view_model_test.dart:56:38: Error: Expected '}' before this.
        viewModel.toggleWishlist(tItem);
                                       ^
  test/features/wishlist/presentation/view_model/wishlist_view_model_test.dart:54:9: Error: Too many positional arguments: 2 allowed, but 3 found.
  Try removing the extra positional arguments.
      test('toggleWishlist should remove item if it exists', () () {
          ^
  /C:/flutter/packages/flutter_test/lib/src/test_compat.dart:175:6: Context: Found this candidate, but the arguments don't match.
  void test(
       ^^^^
  .
test/screens/all_products_screen_test.dart:16:48: Error: Required named 
parameter 'isDarkMode' must be provided.
  MockThemeViewModel() : super(const ThemeState());
                                               ^
lib/core/theme/theme_provider.dart:12:3: Context: Found this candidate, but the 
arguments don't match.
  ThemeState({
  ^^^^^^^^^^
test/screens/all_products_screen_test.dart:29:7: Error: No named parameter with 
the name 'category'.
      category: 'sneakers',
      ^^^^^^^^
lib/features/item/domain/entities/item_entity.dart:20:9: Context: Found this 
candidate, but the arguments don't match.
  const ItemEntity({
        ^^^^^^^^^^
00:12 +74 -3: loading C:/sneak_fit/test/screens/all_products_screen_test.dart [E]
  Failed to load "C:/sneak_fit/test/screens/all_products_screen_test.dart":
  Compilation failed for testPath=C:/sneak_fit/test/screens/all_products_screen_test.dart: test/screens/all_products_screen_test.dart:16:48: Error: Required named parameter 'isDarkMode' must be provided.
    MockThemeViewModel() : super(const ThemeState());
                                                 ^
  lib/core/theme/theme_provider.dart:12:3: Context: Found this candidate, but the arguments don't match.
    ThemeState({
    ^^^^^^^^^^
  test/screens/all_products_screen_test.dart:29:7: Error: No named parameter with the name 'category'.
        category: 'sneakers',
        ^^^^^^^^
  lib/features/item/domain/entities/item_entity.dart:20:9: Context: Found this candidate, but the arguments don't match.
    const ItemEntity({
          ^^^^^^^^^^
  .
test/screens/cart_screen_test.dart:16:39: Error: Cannot invoke a non-'const' 
constructor where a const expression is expected.
Try using a constructor or factory that is 'const'.
  MockSensorViewModel() : super(const SensorState());
                                      ^^^^^^^^^^^
test/screens/cart_screen_test.dart:20:48: Error: Required named parameter 
'isDarkMode' must be provided.
  MockThemeViewModel() : super(const ThemeState());
                                               ^
lib/core/theme/theme_provider.dart:12:3: Context: Found this candidate, but the 
arguments don't match.
  ThemeState({
  ^^^^^^^^^^
00:13 +74 -4: loading C:/sneak_fit/test/screens/cart_screen_test.dart [E]
  Failed to load "C:/sneak_fit/test/screens/cart_screen_test.dart":
  Compilation failed for testPath=C:/sneak_fit/test/screens/cart_screen_test.dart: test/screens/cart_screen_test.dart:16:39: Error: Cannot invoke a non-'const' constructor where a const expression is expected.
  Try using a constructor or factory that is 'const'.
    MockSensorViewModel() : super(const SensorState());
                                        ^^^^^^^^^^^
  test/screens/cart_screen_test.dart:20:48: Error: Required named parameter 'isDarkMode' must be provided.
    MockThemeViewModel() : super(const ThemeState());
                                                 ^
  lib/core/theme/theme_provider.dart:12:3: Context: Found this candidate, but the arguments don't match.
    ThemeState({
    ^^^^^^^^^^
  .
test/screens/home_screen_test.dart:15:48: Error: Required named parameter 
'isDarkMode' must be provided.
  MockThemeViewModel() : super(const ThemeState());
                                               ^
lib/core/theme/theme_provider.dart:12:3: Context: Found this candidate, but the 
arguments don't match.
  ThemeState({
  ^^^^^^^^^^
00:15 +74 -5: loading C:/sneak_fit/test/screens/home_screen_test.dart [E]
  Failed to load "C:/sneak_fit/test/screens/home_screen_test.dart":
  Compilation failed for testPath=C:/sneak_fit/test/screens/home_screen_test.dart: test/screens/home_screen_test.dart:15:48: Error: Required named parameter 'isDarkMode' must be provided.
    MockThemeViewModel() : super(const ThemeState());
                                                 ^
  lib/core/theme/theme_provider.dart:12:3: Context: Found this candidate, but the arguments don't match.
    ThemeState({
    ^^^^^^^^^^
  .
00:16 +74 -5: C:/sneak_fit/test/screens/splash_screen_test.dart: SplashScreen should display logo and progress indicator
00:17 +75 -5: Some tests failed.
